// Jest Snapshot v1, https://goo.gl/fbAQLP

exports[`all 1 exists elems 1`] = `
<input
  placeholder="input value..."
  type="text"
/>
`;
